!#=DNA 3.01 STN    15.02.2021      ITRF2008    01.01.2021        58
* Sites taken from apr21087_IGb08_2101.SNX 
* Site coordinates transformed to ITRF2008, epoch 01.01.2021, using NNR-MORVEL56 plate motion model
ABPO                FFF XYZ        4097216.5716        4429119.2116       -2065771.1640    ABPO
ADIS                FFF XYZ        4913652.6124        3945922.8185         995383.4955    ADIS
ALIC                FFF XYZ       -4052052.7528        4212835.9888       -2545104.5522    ALIC
ANKR                FFF XYZ        4121948.4036        2652187.8598        4069023.8901    ANKR
AREG                FFF XYZ        1942816.6237       -5804077.0621       -1796884.3484    AREG
BHR4                FFF XYZ        3633910.1391        4425277.9096        2799863.3377    BHR4
BJFS                FFF XYZ       -2148744.5834        4426641.2169        4044655.7893    BJFS
BLUF                FFF XYZ       -4300030.7948         891113.5868       -4610274.4471    BLUF
BOGT                FFF XYZ        1744398.8730       -6116036.9860         512731.9554    BOGT
BRFT                FFF XYZ        4985393.4479       -3954993.4473        -428426.4622    BRFT
CCJ2                FFF XYZ       -4490605.0215        3483895.1407        2884928.2751    CCJ2
CHAN                FFF XYZ       -2674427.6766        3757143.1167        4391521.5048    CHAN
COCO                FFF XYZ        -741951.0836        6190961.7411       -1337767.3625    COCO
CUSV                FFF XYZ       -1132914.9732        6092528.5748        1504633.1446    CUSV
DAKR                FFF XYZ        5886533.5417       -1849181.4368        1610300.5777    DAKR
DAV1                FFF XYZ         486854.6405        2285099.1611       -5914955.7400    DAV1
DYNG                FFF XYZ        4595220.0476        2039434.2001        3912625.9143    DYNG
FAIR                FFF XYZ       -2281622.0028       -1453595.9194        5756961.6793    FAIR
FLND                FFF XYZ       -4147112.4446        2567153.7648       -4096196.5761    FLND
GAMB                FFF XYZ       -4147127.2474       -4152221.7501       -2490032.8994    GAMB
GLDB                FFF XYZ       -4792406.3146         628416.8264       -4148068.0276    GLDB
GLPS                FFF XYZ         -33800.8267       -6377516.4801         -82154.1878    GLPS
GMSD                FFF XYZ       -3607665.5603        4147867.9765        3223716.9184    GMSD
GUAM                FFF XYZ       -5071312.6532        3568363.6984        1488904.3813    GUAM
GUAT                FFF XYZ         -56063.5306       -6174978.6172        1596665.3243    GUAT
HAST                FFF XYZ       -4912020.7198         280940.5961       -4045418.0903    HAST
HLFX                FFF XYZ        2018905.4836       -4069070.4867        4462415.5325    HLFX
HNUS                FFF XYZ        4973168.9335        1734085.5788       -3585433.9737    HNUS
IISC                FFF XYZ        1337935.7932        6070317.1418        1427877.3198    IISC
ISBA                FFF XYZ        3808364.5247        3734430.2325        3485693.7611    ISBA
JFNG                FFF XYZ       -2279829.0934        5004706.5143        3219777.3651    JFNG
KOUG                FFF XYZ        3855263.3675       -5049731.9415         563040.5430    KOUG
KRGG                FFF XYZ        1406336.2304        3918154.5882       -4816172.9059    KRGG
KTIA                FFF XYZ       -5190163.5492         612173.5906       -3644201.2723    KTIA
LAE1                FFF XYZ       -5312857.3464        3451107.5615        -736321.7112    LAE1
LAUT                FFF XYZ       -6075194.6593         270923.7585       -1917189.0572    LAUT
LCK4                FFF XYZ         894678.2517        5620594.9719        2869567.6151    LCK4
LMMF                FFF XYZ        2993387.3957       -5399363.7920        1596748.2184    LMMF
MAJU                FFF XYZ       -6257572.0756         950333.5825         785215.5898    MAJU
MANA                FFF XYZ         407981.9601       -6222925.5872        1333529.1242    MANA
MAUI                FFF XYZ       -5466069.1045       -2404327.0283        2242127.9554    MAUI
NIST                FFF XYZ       -1288398.5685       -4721696.8929        4078625.3606    NIST
NYAL                FFF XYZ        1202430.2942         252626.8651        6237767.8027    NYAL
PALM                FFF XYZ        1192672.2182       -2450887.7120       -5747096.0184    PALM
PARC                FFF XYZ        1255992.5867       -3622975.2471       -5079719.1142    PARC
PETS                FFF XYZ       -3580828.3613        1399698.3081        5072184.9831    PETS
PNGM                FFF XYZ       -5367942.5470        3437432.1709        -225885.6009    PNGM
PORG                FFF XYZ       -5080000.0959        3812759.6459        -604320.4960    PORG
PTAG                FFF XYZ       -3184318.5754        5291065.6059        1590418.2341    PTAG
SCOR                FFF XYZ        1982095.7303        -798820.9958        5989464.6954    SCOR
TAUP                FFF XYZ       -4969936.8307         340472.4910       -3970346.7734    TAUP
USUD                FFF XYZ       -3855263.4050        3427432.2442        3741020.2971    USUD
YAKT                FFF XYZ       -1914999.2828        2308241.5086        5610225.4755    YAKT
YEBE                FFF XYZ        4848724.5447        -261631.8832        4123094.3807    YEBE
ZAMB                FFF XYZ        5415352.9677        2917210.1458       -1685888.6076    ZAMB
DAEJ                FFF XYZ       -3120042.4246        4084614.7549        3764026.7515    DAEJ
RBAY                FFF XYZ        4739765.7669        2970758.5487       -3054077.3998    RBAY
WEIP                FFF XYZ       -4899028.5080        3838504.5917       -1390726.5175    WEIP
